V2 3
FL C:/Users/Felipe/Desktop/FelipeWGB/FelipeWGB.vhd 2024/04/24.20:45:08 H.41
EN isim_temp/FELIPEWGB 1714002313  FL C:/Users/Felipe/Desktop/FelipeWGB/FelipeWGB.vhd \
      PB ieee/STD_LOGIC_1164 1116260719 PB ieee/STD_LOGIC_ARITH 1116260721 \
      PB ieee/STD_LOGIC_UNSIGNED 1116260727
AR isim_temp/FELIPEWGB/COMPORTAMENTAL 1714002314 \
      FL C:/Users/Felipe/Desktop/FelipeWGB/FelipeWGB.vhd EN isim_temp/FELIPEWGB 1714002313
